// Vitest Snapshot v1

exports[`nuxt-i18n > renders the test page correctly for "de" locale 1`] = `
{
  "defaultLocale": "en",
  "locale": "de",
  "message": "Start",
}
`;

exports[`nuxt-i18n > renders the test page correctly for default locale 1`] = `
{
  "defaultLocale": "en",
  "locale": "en",
  "message": "Home",
}
`;
